[themes.iki-bir.com/sandbox/index.html]
[backblue.gif]
[fade.gif]
[index.html]
[themes.iki-bir.com/sandbox/src/img/favicon.png]
[themes.iki-bir.com/sandbox/src/css/plugins.css]
[themes.iki-bir.com/sandbox/src/css/font/thicccboi.css]
[themes.iki-bir.com/sandbox/src/css/theme/yellow.css]
[themes.iki-bir.com/sandbox/index-2.html]
[themes.iki-bir.com/sandbox/src/img/logo-dark.png]
[themes.iki-bir.com/sandbox/src/img/logo-light.png]
[themes.iki-bir.com/sandbox/src/img/demos/mi1.jpg]
[themes.iki-bir.com/sandbox/index2.html]
[themes.iki-bir.com/sandbox/src/img/demos/mi2.jpg]
[themes.iki-bir.com/sandbox/index3.html]
[themes.iki-bir.com/sandbox/src/img/demos/mi3.jpg]
[themes.iki-bir.com/sandbox/index4.html]
[themes.iki-bir.com/sandbox/src/img/demos/mi4.jpg]
[themes.iki-bir.com/sandbox/index5.html]
[themes.iki-bir.com/sandbox/src/img/demos/mi5.jpg]
[themes.iki-bir.com/sandbox/index6.html]
[themes.iki-bir.com/sandbox/index7.html]
[themes.iki-bir.com/sandbox/src/img/demos/mi7.jpg]
[themes.iki-bir.com/sandbox/index8.html]
[themes.iki-bir.com/sandbox/src/img/demos/mi8.jpg]
[themes.iki-bir.com/sandbox/index9.html]
[themes.iki-bir.com/sandbox/src/img/demos/mi9.jpg]
[themes.iki-bir.com/sandbox/index10.html]
[themes.iki-bir.com/sandbox/src/img/demos/mi10.jpg]
[themes.iki-bir.com/sandbox/index11.html]
[themes.iki-bir.com/sandbox/src/img/demos/mi11.jpg]
[themes.iki-bir.com/sandbox/index12.html]
[themes.iki-bir.com/sandbox/src/img/demos/mi12.jpg]
[themes.iki-bir.com/sandbox/index13.html]
[themes.iki-bir.com/sandbox/src/img/demos/mi13.jpg]
[themes.iki-bir.com/sandbox/index14.html]
[themes.iki-bir.com/sandbox/src/img/demos/mi14.jpg]
[themes.iki-bir.com/sandbox/index15.html]
[themes.iki-bir.com/sandbox/src/img/demos/mi15.jpg]
[themes.iki-bir.com/sandbox/index16.html]
[themes.iki-bir.com/sandbox/src/img/demos/mi16.jpg]
[themes.iki-bir.com/sandbox/index17.html]
[themes.iki-bir.com/sandbox/src/img/demos/mi17.jpg]
[themes.iki-bir.com/sandbox/index18.html]
[themes.iki-bir.com/sandbox/src/img/demos/mi18.jpg]
[themes.iki-bir.com/sandbox/projects.html]
[themes.iki-bir.com/sandbox/projects2.html]
[themes.iki-bir.com/sandbox/projects3.html]
[themes.iki-bir.com/sandbox/projects4.html]
[themes.iki-bir.com/sandbox/single-project.html]
[themes.iki-bir.com/sandbox/single-project2.html]
[themes.iki-bir.com/sandbox/single-project3.html]
[themes.iki-bir.com/sandbox/blocks.html]
[themes.iki-bir.com/sandbox/blocks2.html]
[themes.iki-bir.com/sandbox/blocks3.html]
[themes.iki-bir.com/sandbox/blocks4.html]
[themes.iki-bir.com/sandbox/blocks5.html]
[themes.iki-bir.com/sandbox/blocks6.html]
[themes.iki-bir.com/sandbox/blocks7.html]
[themes.iki-bir.com/sandbox/blocks8.html]
[themes.iki-bir.com/sandbox/blocks9.html]
[themes.iki-bir.com/sandbox/blocks10.html]
[themes.iki-bir.com/sandbox/blocks11.html]
[themes.iki-bir.com/sandbox/blocks12.html]
[themes.iki-bir.com/sandbox/services.html]
[themes.iki-bir.com/sandbox/services2.html]
[themes.iki-bir.com/sandbox/about.html]
[themes.iki-bir.com/sandbox/about2.html]
[themes.iki-bir.com/sandbox/blog.html]
[themes.iki-bir.com/sandbox/blog2.html]
[themes.iki-bir.com/sandbox/blog3.html]
[themes.iki-bir.com/sandbox/blog-post.html]
[themes.iki-bir.com/sandbox/blog-post2.html]
[themes.iki-bir.com/sandbox/blog-post3.html]
[themes.iki-bir.com/sandbox/contact.html]
[themes.iki-bir.com/sandbox/contact2.html]
[themes.iki-bir.com/sandbox/contact3.html]
[themes.iki-bir.com/sandbox/pricing.html]
[themes.iki-bir.com/sandbox/header.html]
[themes.iki-bir.com/sandbox/header2.html]
[themes.iki-bir.com/sandbox/header3.html]
[themes.iki-bir.com/sandbox/header4.html]
[themes.iki-bir.com/sandbox/header5.html]
[themes.iki-bir.com/sandbox/header6.html]
[themes.iki-bir.com/sandbox/header7.html]
[themes.iki-bir.com/sandbox/header8.html]
[themes.iki-bir.com/sandbox/header9.html]
[themes.iki-bir.com/sandbox/header10.html]
[themes.iki-bir.com/sandbox/header11.html]
[themes.iki-bir.com/sandbox/header12.html]
[themes.iki-bir.com/sandbox/header13.html]
[themes.iki-bir.com/sandbox/footer.html]
[themes.iki-bir.com/sandbox/footer2.html]
[themes.iki-bir.com/sandbox/footer3.html]
[themes.iki-bir.com/sandbox/footer4.html]
[themes.iki-bir.com/sandbox/footer5.html]
[themes.iki-bir.com/sandbox/page-title.html]
[themes.iki-bir.com/sandbox/page-title2.html]
[themes.iki-bir.com/sandbox/page-title3.html]
[themes.iki-bir.com/sandbox/modal-popup1.html]
[themes.iki-bir.com/sandbox/modal-popup2.html]
[themes.iki-bir.com/sandbox/modal-popup3.html]
[themes.iki-bir.com/sandbox/notification-bar.html]
[themes.iki-bir.com/sandbox/colors.html]
[themes.iki-bir.com/sandbox/onepage.html]
[themes.iki-bir.com/sandbox/elements.html]
[themes.iki-bir.com/sandbox/carousel.html]
[themes.iki-bir.com/sandbox/icon-concept.html]
[themes.iki-bir.com/sandbox/icon-duotone.html]
[themes.iki-bir.com/sandbox/icon-unicons.html]
[themes.iki-bir.com/sandbox/player.html]
[themes.iki-bir.com/sandbox/animations.html]
[themes.iki-bir.com/sandbox/wrappers.html]
[themes.iki-bir.com/sandbox/wrappers-angled.html]
[themes.iki-bir.com/sandbox/typography.html]
[themes.iki-bir.com/sandbox/src/img/concept/concept2.png]
[themes.iki-bir.com/sandbox/src/img/icons/search-1.svg]
[themes.iki-bir.com/sandbox/src/img/icons/browser.svg]
[themes.iki-bir.com/sandbox/src/img/icons/chat-2.svg]
[themes.iki-bir.com/sandbox/src/img/icons/megaphone.svg]
[themes.iki-bir.com/sandbox/src/img/concept/concept3.png]
[themes.iki-bir.com/sandbox/src/img/avatars/te1.jpg]
[themes.iki-bir.com/sandbox/src/img/avatars/te2.jpg]
[themes.iki-bir.com/sandbox/src/img/avatars/te3.jpg]
[themes.iki-bir.com/sandbox/src/img/concept/concept6.png]
[themes.iki-bir.com/sandbox/src/img/avatars/te4.jpg]
[themes.iki-bir.com/sandbox/src/img/concept/concept8.png]
[themes.iki-bir.com/sandbox/src/img/brands/c1.png]
[themes.iki-bir.com/sandbox/src/img/concept/concept5.png]
[themes.iki-bir.com/sandbox/src/img/brands/c2.png]
[themes.iki-bir.com/sandbox/src/img/brands/c3.png]
[themes.iki-bir.com/sandbox/src/img/brands/c4.png]
[themes.iki-bir.com/sandbox/src/img/brands/c5.png]
[themes.iki-bir.com/sandbox/src/img/brands/c6.png]
[cdn.jsdelivr.net/npm/bootstrap@5.0.1/dist/js/bootstrap.bundle.min.js]
[themes.iki-bir.com/sandbox/index.html]
[themes.iki-bir.com/sandbox/index-2.html]
[cdnjs.cloudflare.com/ajax/libs/jquery/3.6.0/jquery.min.js]
[themes.iki-bir.com/sandbox/src/js/scripts.js]
[themes.iki-bir.com/sandbox/src/css/font/dm.css]
[themes.iki-bir.com/sandbox/src/css/theme/blue.css]
[themes.iki-bir.com/sandbox/src/img/logo.png]
[themes.iki-bir.com/sandbox/src/img/photos/pp10.jpg]
[themes.iki-bir.com/sandbox/src/js/plugins.js]
[themes.iki-bir.com/sandbox/src/img/photos/about7.jpg]
[themes.iki-bir.com/sandbox/src/img/photos/about9.jpg]
[themes.iki-bir.com/sandbox/src/img/photos/pp12.jpg]
[themes.iki-bir.com/sandbox/src/img/photos/pp11.jpg]
[themes.iki-bir.com/sandbox/src/img/photos/pp13.jpg]
[themes.iki-bir.com/sandbox/src/img/photos/pp14.jpg]
[themes.iki-bir.com/sandbox/src/img/photos/pp16.jpg]
[themes.iki-bir.com/sandbox/src/img/avatars/t1.jpg]
[themes.iki-bir.com/sandbox/src/img/photos/pp15.jpg]
[themes.iki-bir.com/sandbox/src/img/avatars/t3.jpg]
[themes.iki-bir.com/sandbox/src/img/avatars/t2.jpg]
[themes.iki-bir.com/sandbox/src/img/avatars/t4.jpg]
[themes.iki-bir.com/sandbox/src/img/photos/about12.jpg]
[themes.iki-bir.com/sandbox/index2.html]
[themes.iki-bir.com/sandbox/src/img/avatars/t5.jpg]
[themes.iki-bir.com/sandbox/src/css/theme/aqua.css]
[themes.iki-bir.com/sandbox/src/img/photos/about13.jpg]
[themes.iki-bir.com/sandbox/src/img/photos/b5.jpg]
[themes.iki-bir.com/sandbox/src/img/photos/b7.jpg]
[themes.iki-bir.com/sandbox/src/img/photos/co2.png]
[themes.iki-bir.com/sandbox/index3.html]
[themes.iki-bir.com/sandbox/src/img/photos/b6.jpg]
[themes.iki-bir.com/sandbox/src/css/theme/violet.css]
[themes.iki-bir.com/sandbox/src/img/photos/about14.jpg]
[themes.iki-bir.com/sandbox/src/img/photos/ab2.jpg]
[themes.iki-bir.com/sandbox/src/img/photos/ab3.jpg]
[themes.iki-bir.com/sandbox/src/img/icons/telephone-3.svg]
[themes.iki-bir.com/sandbox/src/img/icons/shield.svg]
[themes.iki-bir.com/sandbox/src/img/icons/cloud-computing-3.svg]
[themes.iki-bir.com/sandbox/src/img/icons/analytics.svg]
[themes.iki-bir.com/sandbox/src/img/icons/settings.svg]
[themes.iki-bir.com/sandbox/src/img/icons/earth.svg]
[themes.iki-bir.com/sandbox/src/img/photos/g1.jpg]
[themes.iki-bir.com/sandbox/src/img/photos/g2.jpg]
[themes.iki-bir.com/sandbox/src/img/photos/g3.jpg]
[themes.iki-bir.com/sandbox/src/img/photos/g4.jpg]
[themes.iki-bir.com/sandbox/src/img/icons/check.svg]
[themes.iki-bir.com/sandbox/src/img/photos/bg1.jpg]
[themes.iki-bir.com/sandbox/src/img/icons/user.svg]
[themes.iki-bir.com/sandbox/src/img/icons/briefcase-2.svg]
[themes.iki-bir.com/sandbox/index4.html]
[themes.iki-bir.com/sandbox/src/img/photos/g5.jpg]
[themes.iki-bir.com/sandbox/src/img/photos/g6.jpg]
[themes.iki-bir.com/sandbox/src/img/photos/sa2.jpg]
[themes.iki-bir.com/sandbox/src/img/photos/sa1.jpg]
[themes.iki-bir.com/sandbox/src/img/photos/sa4.jpg]
[themes.iki-bir.com/sandbox/src/img/photos/sa5.jpg]
[themes.iki-bir.com/sandbox/src/img/photos/sa7.jpg]
[themes.iki-bir.com/sandbox/src/img/photos/sa8.jpg]
[themes.iki-bir.com/sandbox/src/img/photos/sa9.jpg]
[themes.iki-bir.com/sandbox/src/img/photos/sa10.jpg]
[themes.iki-bir.com/sandbox/src/img/photos/sa11.jpg]
[themes.iki-bir.com/sandbox/src/img/photos/sa12.jpg]
[themes.iki-bir.com/sandbox/src/img/photos/sa14.jpg]
[themes.iki-bir.com/sandbox/src/img/photos/sa13.jpg]
[themes.iki-bir.com/sandbox/src/img/photos/sa15.jpg]
[themes.iki-bir.com/sandbox/src/media/movie.mp4]
[themes.iki-bir.com/sandbox/src/img/icons/savings.svg]
[themes.iki-bir.com/sandbox/src/img/icons/loading.svg]
[themes.iki-bir.com/sandbox/src/img/icons/shopping-basket.svg]
[themes.iki-bir.com/sandbox/src/img/icons/home.svg]
[themes.iki-bir.com/sandbox/src/img/map.png]
[themes.iki-bir.com/sandbox/index5.html]
[themes.iki-bir.com/sandbox/src/media/movie.jpg]
[themes.iki-bir.com/sandbox/src/img/icons/target.svg]
[themes.iki-bir.com/sandbox/src/img/icons/medal.svg]
[themes.iki-bir.com/sandbox/src/img/icons/clock-3.svg]
[themes.iki-bir.com/sandbox/src/img/icons/shop-2.svg]
[themes.iki-bir.com/sandbox/src/img/icons/team.svg]
[themes.iki-bir.com/sandbox/src/img/photos/about16.jpg]
[themes.iki-bir.com/sandbox/src/img/icons/cloud-computing.svg]
[themes.iki-bir.com/sandbox/src/img/icons/smartphone-2.svg]
[themes.iki-bir.com/sandbox/src/img/icons/rocket.svg]
[themes.iki-bir.com/sandbox/src/img/photos/devices.png]
[themes.iki-bir.com/sandbox/src/img/avatars/te7.jpg]
[themes.iki-bir.com/sandbox/src/img/photos/v1.jpg]
[themes.iki-bir.com/sandbox/src/img/avatars/te8.jpg]
[themes.iki-bir.com/sandbox/src/img/photos/device.png]
[themes.iki-bir.com/sandbox/src/img/avatars/te9.jpg]
[themes.iki-bir.com/sandbox/src/img/avatars/te10.jpg]
[themes.iki-bir.com/sandbox/src/img/avatars/te11.jpg]
[themes.iki-bir.com/sandbox/index6.html]
[themes.iki-bir.com/sandbox/src/img/avatars/te12.jpg]
[themes.iki-bir.com/sandbox/src/img/logo-purple.png]
[themes.iki-bir.com/sandbox/src/css/theme/purple.css]
[themes.iki-bir.com/sandbox/src/img/concept/concept12.png]
[themes.iki-bir.com/sandbox/src/img/photos/se2.jpg]
[themes.iki-bir.com/sandbox/src/img/photos/pp19.jpg]
[themes.iki-bir.com/sandbox/src/img/photos/pp20.jpg]
[themes.iki-bir.com/sandbox/src/img/photos/pp18.jpg]
[themes.iki-bir.com/sandbox/src/img/photos/devices2.png]
[themes.iki-bir.com/sandbox/src/img/concept/concept9.png]
[themes.iki-bir.com/sandbox/src/img/photos/pp22.jpg]
[themes.iki-bir.com/sandbox/src/img/avatars/te5.jpg]
[themes.iki-bir.com/sandbox/index7.html]
[themes.iki-bir.com/sandbox/src/img/avatars/te6.jpg]
[themes.iki-bir.com/sandbox/src/img/brands/c10.png]
[themes.iki-bir.com/sandbox/src/img/brands/c7.png]
[themes.iki-bir.com/sandbox/src/img/brands/c8.png]
[themes.iki-bir.com/sandbox/src/img/photos/bg2.jpg]
[themes.iki-bir.com/sandbox/src/img/icons/award-2.svg]
[themes.iki-bir.com/sandbox/src/img/photos/about10.jpg]
[themes.iki-bir.com/sandbox/src/img/icons/settings-3.svg]
[themes.iki-bir.com/sandbox/src/img/icons/bar-chart.svg]
[themes.iki-bir.com/sandbox/index8.html]
[themes.iki-bir.com/sandbox/src/img/photos/about11.jpg]
[themes.iki-bir.com/sandbox/src/img/photos/sa20.jpg]
[themes.iki-bir.com/sandbox/src/img/photos/co3.png]
[themes.iki-bir.com/sandbox/src/img/photos/sa18.jpg]
[themes.iki-bir.com/sandbox/src/img/photos/sa21.jpg]
[themes.iki-bir.com/sandbox/src/img/photos/sa19.jpg]
[themes.iki-bir.com/sandbox/src/img/photos/sa17.jpg]
[themes.iki-bir.com/sandbox/index9.html]
[themes.iki-bir.com/sandbox/src/img/photos/sa16.jpg]
[themes.iki-bir.com/sandbox/src/css/theme/orange.css]
[themes.iki-bir.com/sandbox/index10.html]
[themes.iki-bir.com/sandbox/src/img/photos/about8.jpg]
[themes.iki-bir.com/sandbox/src/img/photos/about21.jpg]
[themes.iki-bir.com/sandbox/src/img/photos/about22.jpg]
[themes.iki-bir.com/sandbox/src/img/photos/about23.jpg]
[themes.iki-bir.com/sandbox/index11.html]
[themes.iki-bir.com/sandbox/src/img/icons/id-card.svg]
[themes.iki-bir.com/sandbox/src/img/photos/about15.jpg]
[themes.iki-bir.com/sandbox/src/img/icons/gift.svg]
[themes.iki-bir.com/sandbox/src/img/concept/concept11.png]
[themes.iki-bir.com/sandbox/src/img/photos/rp1.jpg]
[themes.iki-bir.com/sandbox/index12.html]
[themes.iki-bir.com/sandbox/src/img/photos/rp3.jpg]
[themes.iki-bir.com/sandbox/src/img/brands/z1.png]
[themes.iki-bir.com/sandbox/src/img/photos/rp2.jpg]
[themes.iki-bir.com/sandbox/src/img/brands/z3.png]
[themes.iki-bir.com/sandbox/src/img/brands/z2.png]
[themes.iki-bir.com/sandbox/src/img/brands/z4.png]
[themes.iki-bir.com/sandbox/src/img/brands/z6.png]
[themes.iki-bir.com/sandbox/src/img/brands/z7.png]
[themes.iki-bir.com/sandbox/src/img/brands/z5.png]
[themes.iki-bir.com/sandbox/index13.html]
[themes.iki-bir.com/sandbox/src/img/brands/z8.png]
[themes.iki-bir.com/sandbox/src/img/photos/se4.jpg]
[themes.iki-bir.com/sandbox/src/img/photos/se3.jpg]
[themes.iki-bir.com/sandbox/src/img/photos/pd4.jpg]
[themes.iki-bir.com/sandbox/src/img/photos/pd3.jpg]
[themes.iki-bir.com/sandbox/src/img/photos/pd5.jpg]
[themes.iki-bir.com/sandbox/src/img/photos/pd6.jpg]
[themes.iki-bir.com/sandbox/src/img/photos/about20.jpg]
[themes.iki-bir.com/sandbox/index14.html]
[themes.iki-bir.com/sandbox/src/img/photos/bg10.jpg]
[themes.iki-bir.com/sandbox/src/img/photos/about19.jpg]
[themes.iki-bir.com/sandbox/src/img/photos/bg7.jpg]
[themes.iki-bir.com/sandbox/src/img/photos/about2.jpg]
[themes.iki-bir.com/sandbox/src/img/photos/about3.jpg]
[themes.iki-bir.com/sandbox/src/img/photos/bg8.jpg]
[themes.iki-bir.com/sandbox/src/img/photos/about4.jpg]
[themes.iki-bir.com/sandbox/src/img/icons/puzzle-2.svg]
[themes.iki-bir.com/sandbox/index15.html]
[themes.iki-bir.com/sandbox/src/css/theme/pink.css]
[themes.iki-bir.com/sandbox/src/img/photos/about17.jpg]
[themes.iki-bir.com/sandbox/src/img/icons/smartphone.svg]
[themes.iki-bir.com/sandbox/src/img/photos/bg9.jpg]
[themes.iki-bir.com/sandbox/src/img/photos/co1.png]
[themes.iki-bir.com/sandbox/src/img/photos/f2.png]
[themes.iki-bir.com/sandbox/src/img/photos/f1.png]
[themes.iki-bir.com/sandbox/index16.html]
[themes.iki-bir.com/sandbox/src/img/photos/f4.png]
[themes.iki-bir.com/sandbox/src/css/theme/navy.css]
[themes.iki-bir.com/sandbox/src/img/photos/about25.jpg]
[themes.iki-bir.com/sandbox/index17.html]
[themes.iki-bir.com/sandbox/src/img/demos/vc1.jpg]
[themes.iki-bir.com/sandbox/src/img/demos/vc2.jpg]
[themes.iki-bir.com/sandbox/src/img/demos/vc3.jpg]
[themes.iki-bir.com/sandbox/src/img/demos/vc4.jpg]
[themes.iki-bir.com/sandbox/src/img/photos/f3.png]
[themes.iki-bir.com/sandbox/src/img/demos/vc5.jpg]
[themes.iki-bir.com/sandbox/src/img/demos/vc6.jpg]
[themes.iki-bir.com/sandbox/src/img/demos/vc7.jpg]
[themes.iki-bir.com/sandbox/src/img/demos/vc8.jpg]
[themes.iki-bir.com/sandbox/src/img/demos/d1-1.jpg]
[themes.iki-bir.com/sandbox/src/img/demos/d1-2.jpg]
[themes.iki-bir.com/sandbox/src/img/demos/d1-3.jpg]
[themes.iki-bir.com/sandbox/src/img/demos/d2-1.jpg]
[themes.iki-bir.com/sandbox/src/img/demos/d2-2.jpg]
[themes.iki-bir.com/sandbox/src/img/demos/d2-3.jpg]
[themes.iki-bir.com/sandbox/src/img/demos/d3-1.jpg]
[themes.iki-bir.com/sandbox/src/img/demos/d3-2.jpg]
[themes.iki-bir.com/sandbox/src/img/demos/d3-3.jpg]
[themes.iki-bir.com/sandbox/src/img/demos/d4-2.jpg]
[themes.iki-bir.com/sandbox/src/img/demos/d4-1.jpg]
[themes.iki-bir.com/sandbox/src/img/demos/d4-3.jpg]
[themes.iki-bir.com/sandbox/src/img/demos/d5-2.jpg]
[themes.iki-bir.com/sandbox/src/img/demos/icon.png]
[themes.iki-bir.com/sandbox/src/img/demos/d5-3.jpg]
[themes.iki-bir.com/sandbox/src/img/demos/fe1.jpg]
[themes.iki-bir.com/sandbox/src/img/demos/fe2.jpg]
[themes.iki-bir.com/sandbox/src/img/demos/fe3.jpg]
[themes.iki-bir.com/sandbox/src/img/demos/fe4.jpg]
[themes.iki-bir.com/sandbox/src/img/demos/fe5.jpg]
[themes.iki-bir.com/sandbox/src/img/demos/fe6.jpg]
[themes.iki-bir.com/sandbox/src/img/demos/fe7.jpg]
[themes.iki-bir.com/sandbox/src/img/demos/fe8.jpg]
[themes.iki-bir.com/sandbox/src/img/demos/de2.jpg]
[themes.iki-bir.com/sandbox/src/img/demos/de3.jpg]
[themes.iki-bir.com/sandbox/src/img/demos/de4.jpg]
[themes.iki-bir.com/sandbox/src/img/demos/fi1.png]
[themes.iki-bir.com/sandbox/src/img/demos/de1.jpg]
[themes.iki-bir.com/sandbox/src/img/demos/fi2.png]
[themes.iki-bir.com/sandbox/src/img/demos/fi3.png]
[themes.iki-bir.com/sandbox/src/img/demos/fi4.png]
[themes.iki-bir.com/sandbox/src/img/demos/fi5.png]
[themes.iki-bir.com/sandbox/src/img/demos/fi6.png]
[themes.iki-bir.com/sandbox/src/img/photos/bg11.jpg]
[themes.iki-bir.com/sandbox/src/img/demos/fi7.png]
[themes.iki-bir.com/sandbox/src/img/demos/fi8.png]
[themes.iki-bir.com/sandbox/src/img/demos/fi9.png]
[themes.iki-bir.com/sandbox/src/img/demos/fi10.png]
[themes.iki-bir.com/sandbox/src/img/demos/dc1.jpg]
[themes.iki-bir.com/sandbox/src/img/demos/dc2.jpg]
[themes.iki-bir.com/sandbox/src/img/demos/dc3.jpg]
[themes.iki-bir.com/sandbox/src/img/demos/dc5.jpg]
[themes.iki-bir.com/sandbox/src/img/demos/dc4.jpg]
[themes.iki-bir.com/sandbox/src/img/demos/dc6.jpg]
[themes.iki-bir.com/sandbox/src/img/demos/dc7.jpg]
[themes.iki-bir.com/sandbox/src/img/demos/dc8.jpg]
[themes.iki-bir.com/sandbox/src/img/demos/dc9.jpg]
[themes.iki-bir.com/sandbox/src/img/demos/dc10.jpg]
[themes.iki-bir.com/sandbox/src/img/demos/dc12.jpg]
[themes.iki-bir.com/sandbox/src/img/demos/dc11.jpg]
[themes.iki-bir.com/sandbox/index18.html]
[themes.iki-bir.com/sandbox/src/img/demos/qrcode.jpg]
[themes.iki-bir.com/sandbox/src/img/photos/cs1.jpg]
[themes.iki-bir.com/sandbox/src/img/photos/cs1-full.jpg]
[themes.iki-bir.com/sandbox/src/img/photos/cs2-full.jpg]
[themes.iki-bir.com/sandbox/src/img/photos/cs2.jpg]
[themes.iki-bir.com/sandbox/src/img/photos/cs3.jpg]
[themes.iki-bir.com/sandbox/src/img/photos/cs3-full.jpg]
[themes.iki-bir.com/sandbox/src/img/photos/cs4.jpg]
[themes.iki-bir.com/sandbox/src/img/photos/cs5-full.jpg]
[themes.iki-bir.com/sandbox/src/img/photos/cs6-full.jpg]
[themes.iki-bir.com/sandbox/src/img/photos/cs6.jpg]
[themes.iki-bir.com/sandbox/src/img/photos/cs7.jpg]
[themes.iki-bir.com/sandbox/src/img/demos/f1.png]
[themes.iki-bir.com/sandbox/src/img/photos/cs7-full.jpg]
[themes.iki-bir.com/sandbox/src/img/demos/devices.png]
[themes.iki-bir.com/sandbox/src/img/photos/cs9-full.jpg]
[themes.iki-bir.com/sandbox/src/img/photos/cs9.jpg]
[themes.iki-bir.com/sandbox/src/img/photos/cs8.jpg]
[themes.iki-bir.com/sandbox/src/img/photos/cs8-full.jpg]
[themes.iki-bir.com/sandbox/src/img/photos/cs10.jpg]
[themes.iki-bir.com/sandbox/src/img/photos/cs11.jpg]
[themes.iki-bir.com/sandbox/src/img/photos/cs11-full.jpg]
[themes.iki-bir.com/sandbox/src/img/photos/cs12-full.jpg]
[themes.iki-bir.com/sandbox/src/img/photos/cs13.jpg]
[themes.iki-bir.com/sandbox/src/img/photos/cs13-full.jpg]
[themes.iki-bir.com/sandbox/src/img/photos/cs14.jpg]
[themes.iki-bir.com/sandbox/src/img/photos/cs12.jpg]
[themes.iki-bir.com/sandbox/projects.html]
[themes.iki-bir.com/sandbox/src/img/photos/cs14-full.jpg]
[themes.iki-bir.com/sandbox/src/img/photos/cs15-full.jpg]
[themes.iki-bir.com/sandbox/src/img/photos/cs15.jpg]
[themes.iki-bir.com/sandbox/src/img/photos/cs18.jpg]
[themes.iki-bir.com/sandbox/src/img/photos/cs19.jpg]
[themes.iki-bir.com/sandbox/src/img/photos/cs16.jpg]
[themes.iki-bir.com/sandbox/projects2.html]
[themes.iki-bir.com/sandbox/src/img/photos/cs21.jpg]
[themes.iki-bir.com/sandbox/src/img/photos/cs22.jpg]
[themes.iki-bir.com/sandbox/src/img/photos/cs25.jpg]
[themes.iki-bir.com/sandbox/projects3.html]
[themes.iki-bir.com/sandbox/projects4.html]
[themes.iki-bir.com/sandbox/src/img/photos/cs23.jpg]
[themes.iki-bir.com/sandbox/src/img/photos/cs24.jpg]
[themes.iki-bir.com/sandbox/src/img/photos/pp2.jpg]
[themes.iki-bir.com/sandbox/src/img/photos/pp3.jpg]
[themes.iki-bir.com/sandbox/single-project.html]
[themes.iki-bir.com/sandbox/src/img/photos/cs20.jpg]
[themes.iki-bir.com/sandbox/src/img/photos/pp5.jpg]
[themes.iki-bir.com/sandbox/single-project2.html]
[themes.iki-bir.com/sandbox/src/img/photos/pp1.jpg]
[themes.iki-bir.com/sandbox/single-project3.html]
[themes.iki-bir.com/sandbox/src/img/icons/handshake.svg]
[themes.iki-bir.com/sandbox/src/img/photos/pp7.jpg]
[themes.iki-bir.com/sandbox/blocks.html]
[themes.iki-bir.com/sandbox/src/img/photos/pp8.jpg]
[themes.iki-bir.com/sandbox/src/img/photos/b2.jpg]
[themes.iki-bir.com/sandbox/src/img/photos/bg6.jpg]
[themes.iki-bir.com/sandbox/blocks2.html]
[themes.iki-bir.com/sandbox/src/img/brands/c9.png]
[themes.iki-bir.com/sandbox/src/img/brands/c11.png]
[themes.iki-bir.com/sandbox/blocks3.html]
[themes.iki-bir.com/sandbox/src/img/photos/b3.jpg]
[themes.iki-bir.com/sandbox/src/img/concept/concept14.png]
[themes.iki-bir.com/sandbox/blocks4.html]
[themes.iki-bir.com/sandbox/blocks5.html]
[themes.iki-bir.com/sandbox/blocks6.html]
[themes.iki-bir.com/sandbox/blocks7.html]
[themes.iki-bir.com/sandbox/blocks8.html]
[themes.iki-bir.com/sandbox/src/img/icons/light-bulb.svg]
[themes.iki-bir.com/sandbox/src/img/photos/b1.jpg]
[themes.iki-bir.com/sandbox/src/img/icons/design.svg]
[themes.iki-bir.com/sandbox/blocks9.html]
[themes.iki-bir.com/sandbox/src/img/icons/pie-chart-2.svg]
[themes.iki-bir.com/sandbox/blocks10.html]
[themes.iki-bir.com/sandbox/blocks11.html]
[themes.iki-bir.com/sandbox/src/img/concept/concept7.png]
[themes.iki-bir.com/sandbox/src/img/photos/bg3.jpg]
[themes.iki-bir.com/sandbox/blocks12.html]
[themes.iki-bir.com/sandbox/services.html]
[themes.iki-bir.com/sandbox/services2.html]
[themes.iki-bir.com/sandbox/src/img/concept/concept4.png]
[themes.iki-bir.com/sandbox/about.html]
[themes.iki-bir.com/sandbox/about2.html]
[themes.iki-bir.com/sandbox/blog.html]
[themes.iki-bir.com/sandbox/src/img/photos/tei1.jpg]
[themes.iki-bir.com/sandbox/src/img/photos/a1.jpg]
[themes.iki-bir.com/sandbox/src/img/photos/a2.jpg]
[themes.iki-bir.com/sandbox/blog2.html]
[themes.iki-bir.com/sandbox/blog3.html]
[themes.iki-bir.com/sandbox/src/img/photos/a3.jpg]
[themes.iki-bir.com/sandbox/src/img/photos/b8.jpg]
[themes.iki-bir.com/sandbox/src/img/photos/woman.png]
[themes.iki-bir.com/sandbox/src/img/photos/b8-full.jpg]
[themes.iki-bir.com/sandbox/src/img/photos/b9.jpg]
[themes.iki-bir.com/sandbox/src/img/photos/b9-full.jpg]
[themes.iki-bir.com/sandbox/src/img/photos/b10.jpg]
[themes.iki-bir.com/sandbox/src/img/photos/b11.jpg]
[themes.iki-bir.com/sandbox/src/img/avatars/u5.jpg]
[themes.iki-bir.com/sandbox/src/img/photos/b10-full.jpg]
[themes.iki-bir.com/sandbox/src/img/avatars/u1.jpg]
[themes.iki-bir.com/sandbox/src/img/avatars/u2.jpg]
[themes.iki-bir.com/sandbox/src/img/avatars/u3.jpg]
[themes.iki-bir.com/sandbox/blog-post.html]
[themes.iki-bir.com/sandbox/src/img/photos/b11-full.jpg]
[themes.iki-bir.com/sandbox/blog-post2.html]
[themes.iki-bir.com/sandbox/blog-post3.html]
[themes.iki-bir.com/sandbox/contact.html]
[themes.iki-bir.com/sandbox/contact2.html]
[themes.iki-bir.com/sandbox/contact3.html]
[themes.iki-bir.com/sandbox/pricing.html]
[themes.iki-bir.com/sandbox/header.html]
[themes.iki-bir.com/sandbox/header2.html]
[themes.iki-bir.com/sandbox/header3.html]
[themes.iki-bir.com/sandbox/header4.html]
[themes.iki-bir.com/sandbox/header5.html]
[themes.iki-bir.com/sandbox/header6.html]
[themes.iki-bir.com/sandbox/header7.html]
[themes.iki-bir.com/sandbox/header8.html]
[themes.iki-bir.com/sandbox/header9.html]
[themes.iki-bir.com/sandbox/header10.html]
[themes.iki-bir.com/sandbox/header11.html]
[themes.iki-bir.com/sandbox/header12.html]
[themes.iki-bir.com/sandbox/header13.html]
[themes.iki-bir.com/sandbox/footer.html]
[themes.iki-bir.com/sandbox/footer2.html]
[themes.iki-bir.com/sandbox/footer3.html]
[themes.iki-bir.com/sandbox/footer4.html]
[themes.iki-bir.com/sandbox/footer5.html]
[themes.iki-bir.com/sandbox/page-title.html]
[themes.iki-bir.com/sandbox/page-title2.html]
[themes.iki-bir.com/sandbox/page-title3.html]
[themes.iki-bir.com/sandbox/modal-popup1.html]
[themes.iki-bir.com/sandbox/modal-popup2.html]
[themes.iki-bir.com/sandbox/modal-popup3.html]
[themes.iki-bir.com/sandbox/notification-bar.html]
[themes.iki-bir.com/sandbox/colors.html]
[themes.iki-bir.com/sandbox/onepage.html]
[themes.iki-bir.com/sandbox/src/img/avatars/u4.jpg]
[themes.iki-bir.com/sandbox/src/img/photos/p1.jpg]
[themes.iki-bir.com/sandbox/src/img/photos/p2.jpg]
[themes.iki-bir.com/sandbox/src/img/photos/p3.jpg]
[themes.iki-bir.com/sandbox/src/img/photos/p4.jpg]
[themes.iki-bir.com/sandbox/src/img/photos/p5.jpg]
[themes.iki-bir.com/sandbox/src/img/photos/p6.jpg]
[themes.iki-bir.com/sandbox/src/img/photos/p1-full.jpg]
[themes.iki-bir.com/sandbox/elements.html]
[themes.iki-bir.com/sandbox/carousel.html]
[themes.iki-bir.com/sandbox/src/img/photos/p2-full.jpg]
[themes.iki-bir.com/sandbox/src/img/concept/concept1.png]
[themes.iki-bir.com/sandbox/src/img/photos/bg12.jpg]
[themes.iki-bir.com/sandbox/src/img/concept/concept13.png]
[themes.iki-bir.com/sandbox/icon-concept.html]
[themes.iki-bir.com/sandbox/src/img/concept/concept16.png]
[themes.iki-bir.com/sandbox/src/img/icons/agenda.svg]
[themes.iki-bir.com/sandbox/src/img/concept/concept15.png]
[themes.iki-bir.com/sandbox/src/img/icons/award.svg]
[themes.iki-bir.com/sandbox/src/img/icons/bell.svg]
[themes.iki-bir.com/sandbox/src/img/icons/browser-2.svg]
[themes.iki-bir.com/sandbox/src/img/icons/brush.svg]
[themes.iki-bir.com/sandbox/src/img/icons/bucket.svg]
[themes.iki-bir.com/sandbox/src/img/icons/cake.svg]
[themes.iki-bir.com/sandbox/src/img/icons/calculator.svg]
[themes.iki-bir.com/sandbox/src/img/icons/calendar.svg]
[themes.iki-bir.com/sandbox/src/img/icons/certificate.svg]
[themes.iki-bir.com/sandbox/src/img/icons/chat.svg]
[themes.iki-bir.com/sandbox/src/img/icons/check-list.svg]
[themes.iki-bir.com/sandbox/src/img/icons/clipboard.svg]
[themes.iki-bir.com/sandbox/src/img/icons/clock-2.svg]
[themes.iki-bir.com/sandbox/src/img/icons/clock.svg]
[themes.iki-bir.com/sandbox/src/img/photos/bg5.jpg]
[themes.iki-bir.com/sandbox/src/img/icons/cloud-computing-2.svg]
[themes.iki-bir.com/sandbox/src/img/icons/compass.svg]
[themes.iki-bir.com/sandbox/src/img/icons/computer.svg]
[themes.iki-bir.com/sandbox/src/img/icons/controller-2.svg]
[themes.iki-bir.com/sandbox/src/img/icons/controller.svg]
[themes.iki-bir.com/sandbox/src/img/icons/crayons.svg]
[themes.iki-bir.com/sandbox/src/img/icons/crop.svg]
[themes.iki-bir.com/sandbox/src/img/icons/email-2.svg]
[themes.iki-bir.com/sandbox/src/img/icons/email.svg]
[themes.iki-bir.com/sandbox/src/img/icons/fullscreen.svg]
[themes.iki-bir.com/sandbox/src/img/icons/geolocalization.svg]
[themes.iki-bir.com/sandbox/src/img/icons/headphone-2.svg]
[themes.iki-bir.com/sandbox/src/img/icons/headphone.svg]
[themes.iki-bir.com/sandbox/src/img/icons/house.svg]
[themes.iki-bir.com/sandbox/src/img/icons/link.svg]
[themes.iki-bir.com/sandbox/src/img/icons/lock.svg]
[themes.iki-bir.com/sandbox/src/img/icons/map.svg]
[themes.iki-bir.com/sandbox/src/img/icons/paint-roller.svg]
[themes.iki-bir.com/sandbox/src/img/icons/paper-plane.svg]
[themes.iki-bir.com/sandbox/src/img/icons/photo-camera.svg]
[themes.iki-bir.com/sandbox/src/img/icons/picture.svg]
[themes.iki-bir.com/sandbox/src/img/icons/pictures.svg]
[themes.iki-bir.com/sandbox/src/img/icons/pie-chart.svg]
[themes.iki-bir.com/sandbox/src/img/icons/pin-2.svg]
[themes.iki-bir.com/sandbox/src/img/icons/pin.svg]
[themes.iki-bir.com/sandbox/src/img/icons/price-tag.svg]
[themes.iki-bir.com/sandbox/src/img/icons/printer.svg]
[themes.iki-bir.com/sandbox/src/img/icons/puzzle.svg]
[themes.iki-bir.com/sandbox/src/img/icons/scale.svg]
[themes.iki-bir.com/sandbox/src/img/icons/search.svg]
[themes.iki-bir.com/sandbox/src/img/icons/settings-2.svg]
[themes.iki-bir.com/sandbox/src/img/icons/shop.svg]
[themes.iki-bir.com/sandbox/src/img/icons/shope-3.svg]
[themes.iki-bir.com/sandbox/src/img/icons/shopping-cart.svg]
[themes.iki-bir.com/sandbox/src/img/icons/show.svg]
[themes.iki-bir.com/sandbox/src/img/icons/sitemap.svg]
[themes.iki-bir.com/sandbox/src/img/icons/speedometer.svg]
[themes.iki-bir.com/sandbox/src/img/icons/square.svg]
[themes.iki-bir.com/sandbox/src/img/icons/telephone-2.svg]
[themes.iki-bir.com/sandbox/src/img/icons/telephone.svg]
[themes.iki-bir.com/sandbox/src/img/icons/television.svg]
[themes.iki-bir.com/sandbox/src/img/icons/tie.svg]
[themes.iki-bir.com/sandbox/src/img/icons/truck.svg]
[themes.iki-bir.com/sandbox/src/img/icons/video-2.svg]
[themes.iki-bir.com/sandbox/src/img/icons/video-editing.svg]
[themes.iki-bir.com/sandbox/src/img/icons/video.svg]
[themes.iki-bir.com/sandbox/src/img/icons/watercolor.svg]
[themes.iki-bir.com/sandbox/src/img/icons/web.svg]
[themes.iki-bir.com/sandbox/icon-duotone.html]
[themes.iki-bir.com/sandbox/icon-unicons.html]
[themes.iki-bir.com/sandbox/player.html]
[themes.iki-bir.com/sandbox/animations.html]
[themes.iki-bir.com/sandbox/src/img/pattern.png]
[themes.iki-bir.com/sandbox/wrappers.html]
[themes.iki-bir.com/sandbox/wrappers-angled.html]
[themes.iki-bir.com/sandbox/typography.html]
[themes.iki-bir.com/sandbox/src/media/movie.html]
[themes.iki-bir.com/sandbox/src/fonts/lg/lgd641.eot]
[themes.iki-bir.com/sandbox/src/fonts/lg/lgd41d.eot]
[themes.iki-bir.com/sandbox/src/fonts/lg/lgd641.woff]
[themes.iki-bir.com/sandbox/src/fonts/lg/lgd641.ttf]
[themes.iki-bir.com/sandbox/src/fonts/lg/lgd641.svg]
[themes.iki-bir.com/sandbox/src/css/plugins.css]
[cdnjs.cloudflare.com/ajax/libs/jquery/3.6.0/jquery.min.js]
[themes.iki-bir.com/sandbox/src/fonts/unicons/Unicons5187.eot]
[themes.iki-bir.com/sandbox/src/fonts/unicons/Unicons5187.ttf]
[themes.iki-bir.com/sandbox/src/fonts/unicons/Unicons5187.woff]
[themes.iki-bir.com/sandbox/src/fonts/custom/Custom6a41.eot]
[themes.iki-bir.com/sandbox/src/fonts/custom/Custom6a41.ttf]
[themes.iki-bir.com/sandbox/src/fonts/custom/Custom6a41.woff]
[themes.iki-bir.com/sandbox/src/fonts/custom/Custom6a41.svg]
[themes.iki-bir.com/sandbox/src/css/theme/yellow.css]
[themes.iki-bir.com/sandbox/src/img/blob.svg]
[themes.iki-bir.com/sandbox/src/css/font/thicccboi.css]
[themes.iki-bir.com/sandbox/index2.html]
[themes.iki-bir.com/sandbox/src/fonts/thicccboi/thicccboi.css]
[themes.iki-bir.com/sandbox/index3.html]
[themes.iki-bir.com/sandbox/index4.html]
[themes.iki-bir.com/sandbox/index5.html]
[themes.iki-bir.com/sandbox/index6.html]
[themes.iki-bir.com/sandbox/src/fonts/unicons/Unicons5187.svg]
[themes.iki-bir.com/sandbox/index8.html]
[themes.iki-bir.com/sandbox/index9.html]
[themes.iki-bir.com/sandbox/index10.html]
[themes.iki-bir.com/sandbox/index11.html]
[themes.iki-bir.com/sandbox/index12.html]
[themes.iki-bir.com/sandbox/index13.html]
[themes.iki-bir.com/sandbox/index14.html]
[themes.iki-bir.com/sandbox/index15.html]
[themes.iki-bir.com/sandbox/index16.html]
[themes.iki-bir.com/sandbox/index17.html]
[themes.iki-bir.com/sandbox/index18.html]
[themes.iki-bir.com/sandbox/projects.html]
[themes.iki-bir.com/sandbox/src/img/icons/search-1.svg]
[themes.iki-bir.com/sandbox/src/img/icons/browser.svg]
[themes.iki-bir.com/sandbox/src/img/icons/chat-2.svg]
[themes.iki-bir.com/sandbox/src/img/icons/megaphone.svg]
[themes.iki-bir.com/sandbox/src/css/theme/blue.css]
[themes.iki-bir.com/sandbox/src/css/font/dm.css]
[themes.iki-bir.com/sandbox/src/css/theme/aqua.css]
[themes.iki-bir.com/sandbox/src/css/theme/violet.css]
[themes.iki-bir.com/sandbox/src/img/icons/telephone-3.svg]
[themes.iki-bir.com/sandbox/src/img/icons/shield.svg]
[themes.iki-bir.com/sandbox/src/img/icons/cloud-computing-3.svg]
[themes.iki-bir.com/sandbox/src/img/icons/analytics.svg]
[themes.iki-bir.com/sandbox/src/img/icons/settings.svg]
[themes.iki-bir.com/sandbox/src/img/icons/earth.svg]
[themes.iki-bir.com/sandbox/src/img/icons/check.svg]
[themes.iki-bir.com/sandbox/src/img/icons/user.svg]
[themes.iki-bir.com/sandbox/src/img/icons/briefcase-2.svg]
[themes.iki-bir.com/sandbox/src/media/movie.html]
[themes.iki-bir.com/sandbox/src/img/icons/savings.svg]
[themes.iki-bir.com/sandbox/src/img/icons/loading.svg]
[themes.iki-bir.com/sandbox/src/img/icons/shopping-basket.svg]
[themes.iki-bir.com/sandbox/src/img/icons/home.svg]
[themes.iki-bir.com/sandbox/src/img/icons/target.svg]
[themes.iki-bir.com/sandbox/src/img/icons/medal.svg]
[themes.iki-bir.com/sandbox/src/img/icons/clock-3.svg]
[themes.iki-bir.com/sandbox/src/img/icons/shop-2.svg]
[themes.iki-bir.com/sandbox/src/img/icons/team.svg]
[themes.iki-bir.com/sandbox/src/img/icons/cloud-computing.svg]
[themes.iki-bir.com/sandbox/src/img/icons/smartphone-2.svg]
[themes.iki-bir.com/sandbox/src/img/icons/rocket.svg]
[themes.iki-bir.com/sandbox/src/css/theme/purple.css]
[themes.iki-bir.com/sandbox/src/img/icons/award-2.svg]
[themes.iki-bir.com/sandbox/src/img/icons/settings-3.svg]
[themes.iki-bir.com/sandbox/src/img/icons/bar-chart.svg]
[themes.iki-bir.com/sandbox/src/css/theme/orange.css]
[themes.iki-bir.com/sandbox/src/img/icons/id-card.svg]
[themes.iki-bir.com/sandbox/src/img/icons/gift.svg]
[themes.iki-bir.com/sandbox/src/img/icons/puzzle-2.svg]
[themes.iki-bir.com/sandbox/src/css/theme/pink.css]
[themes.iki-bir.com/sandbox/src/img/icons/smartphone.svg]
[themes.iki-bir.com/sandbox/src/css/theme/navy.css]
[themes.iki-bir.com/sandbox/src/img/icons/handshake.svg]
[themes.iki-bir.com/sandbox/src/img/icons/light-bulb.svg]
[themes.iki-bir.com/sandbox/src/img/icons/design.svg]
[themes.iki-bir.com/sandbox/src/img/icons/pie-chart-2.svg]
[themes.iki-bir.com/sandbox/src/img/icons/agenda.svg]
[themes.iki-bir.com/sandbox/src/img/icons/award.svg]
[themes.iki-bir.com/sandbox/src/img/demos/mi6.jpg]
[themes.iki-bir.com/sandbox/src/img/icons/bell.svg]
[themes.iki-bir.com/sandbox/src/img/photos/sa3.jpg]
[themes.iki-bir.com/sandbox/src/img/photos/ab1.jpg]
[themes.iki-bir.com/sandbox/src/img/icons/browser-2.svg]
[themes.iki-bir.com/sandbox/src/img/photos/sa6.jpg]
[themes.iki-bir.com/sandbox/src/img/icons/brush.svg]
[themes.iki-bir.com/sandbox/src/img/photos/b4.jpg]
[themes.iki-bir.com/sandbox/src/img/icons/bucket.svg]
[themes.iki-bir.com/sandbox/src/img/icons/cake.svg]
[themes.iki-bir.com/sandbox/src/img/photos/se1.jpg]
[themes.iki-bir.com/sandbox/src/img/icons/calculator.svg]
[themes.iki-bir.com/sandbox/src/img/photos/bg4.jpg]
[themes.iki-bir.com/sandbox/src/img/icons/calendar.svg]
[themes.iki-bir.com/sandbox/src/img/concept/concept17.png]
[themes.iki-bir.com/sandbox/src/img/icons/certificate.svg]
[themes.iki-bir.com/sandbox/src/img/photos/pp17.jpg]
[themes.iki-bir.com/sandbox/src/img/icons/chat.svg]
[themes.iki-bir.com/sandbox/src/img/photos/tm1.jpg]
[themes.iki-bir.com/sandbox/src/img/icons/check-list.svg]
[themes.iki-bir.com/sandbox/src/img/photos/about5.jpg]
[themes.iki-bir.com/sandbox/src/img/icons/clipboard.svg]
[themes.iki-bir.com/sandbox/src/img/photos/pd1.jpg]
[themes.iki-bir.com/sandbox/src/img/icons/clock-2.svg]
[themes.iki-bir.com/sandbox/src/img/photos/about18.jpg]
[themes.iki-bir.com/sandbox/src/img/icons/clock.svg]
[themes.iki-bir.com/sandbox/src/img/icons/list.svg]
[themes.iki-bir.com/sandbox/src/img/icons/cloud-computing-2.svg]
[themes.iki-bir.com/sandbox/src/img/icons/telemarketer.svg]
[themes.iki-bir.com/sandbox/src/img/icons/compass.svg]
[themes.iki-bir.com/sandbox/src/img/demos/d5-1.jpg]
[themes.iki-bir.com/sandbox/src/img/icons/computer.svg]
[themes.iki-bir.com/sandbox/src/img/photos/cs4-full.jpg]
[themes.iki-bir.com/sandbox/src/img/icons/controller-2.svg]
[themes.iki-bir.com/sandbox/src/img/photos/about24.jpg]
[themes.iki-bir.com/sandbox/src/img/icons/controller.svg]
[themes.iki-bir.com/sandbox/src/img/icons/crayons.svg]
[themes.iki-bir.com/sandbox/src/img/photos/cs5.jpg]
[themes.iki-bir.com/sandbox/src/img/icons/crop.svg]
[themes.iki-bir.com/sandbox/src/img/photos/pp4.jpg]
[themes.iki-bir.com/sandbox/src/img/icons/email-2.svg]
[themes.iki-bir.com/sandbox/src/img/photos/pd2.jpg]
[themes.iki-bir.com/sandbox/src/img/icons/email.svg]
[themes.iki-bir.com/sandbox/src/img/photos/cs10-full.jpg]
[themes.iki-bir.com/sandbox/src/img/icons/fullscreen.svg]
[themes.iki-bir.com/sandbox/src/img/icons/geolocalization.svg]
[themes.iki-bir.com/sandbox/src/img/icons/headphone-2.svg]
[themes.iki-bir.com/sandbox/src/img/icons/headphone.svg]
[themes.iki-bir.com/sandbox/src/img/icons/house.svg]
[themes.iki-bir.com/sandbox/src/img/icons/link.svg]
[themes.iki-bir.com/sandbox/src/img/icons/lock.svg]
[themes.iki-bir.com/sandbox/src/img/icons/map.svg]
[themes.iki-bir.com/sandbox/src/img/icons/paint-roller.svg]
[themes.iki-bir.com/sandbox/src/img/icons/paper-plane.svg]
[themes.iki-bir.com/sandbox/src/img/icons/photo-camera.svg]
[themes.iki-bir.com/sandbox/src/img/icons/picture.svg]
[themes.iki-bir.com/sandbox/src/img/icons/pictures.svg]
[themes.iki-bir.com/sandbox/src/img/icons/pie-chart.svg]
[themes.iki-bir.com/sandbox/src/img/icons/pin-2.svg]
[themes.iki-bir.com/sandbox/src/img/icons/pin.svg]
[themes.iki-bir.com/sandbox/src/img/icons/price-tag.svg]
[themes.iki-bir.com/sandbox/src/img/icons/printer.svg]
[themes.iki-bir.com/sandbox/src/img/icons/puzzle.svg]
[themes.iki-bir.com/sandbox/src/img/icons/scale.svg]
[themes.iki-bir.com/sandbox/src/img/icons/search.svg]
[themes.iki-bir.com/sandbox/src/img/icons/settings-2.svg]
[themes.iki-bir.com/sandbox/src/img/icons/shop.svg]
[themes.iki-bir.com/sandbox/src/img/icons/shope-3.svg]
[themes.iki-bir.com/sandbox/src/img/icons/shopping-cart.svg]
[themes.iki-bir.com/sandbox/src/img/icons/show.svg]
[themes.iki-bir.com/sandbox/src/img/icons/sitemap.svg]
[themes.iki-bir.com/sandbox/src/img/icons/speedometer.svg]
[themes.iki-bir.com/sandbox/src/img/icons/square.svg]
[themes.iki-bir.com/sandbox/src/img/icons/telephone-2.svg]
[themes.iki-bir.com/sandbox/src/img/icons/telephone.svg]
[themes.iki-bir.com/sandbox/src/img/icons/television.svg]
[themes.iki-bir.com/sandbox/src/img/icons/tie.svg]
[themes.iki-bir.com/sandbox/src/img/icons/truck.svg]
[themes.iki-bir.com/sandbox/src/img/icons/video-2.svg]
[themes.iki-bir.com/sandbox/src/img/icons/video-editing.svg]
[themes.iki-bir.com/sandbox/src/img/icons/video.svg]
[themes.iki-bir.com/sandbox/src/img/icons/watercolor.svg]
[themes.iki-bir.com/sandbox/src/img/icons/web.svg]
[themes.iki-bir.com/sandbox/src/fonts/lg/lgd641.svg]
[themes.iki-bir.com/sandbox/src/images/vimeo-play.html]
[themes.iki-bir.com/sandbox/src/images/video-play.html]
[themes.iki-bir.com/sandbox/src/images/youtube-play.html]
[themes.iki-bir.com/sandbox/src/images/loading.html]
[themes.iki-bir.com/sandbox/src/css/owl.video.play.html]
[themes.iki-bir.com/sandbox/src/fonts/unicons/Unicons5187.svg]
[themes.iki-bir.com/sandbox/src/fonts/custom/Custom6a41.svg]
[themes.iki-bir.com/sandbox/src/img/blob.svg]
[themes.iki-bir.com/sandbox/src/fonts/thicccboi/THICCCBOI-Bold.woff2]
[themes.iki-bir.com/sandbox/src/img/icons/briefcase.svg]
[themes.iki-bir.com/sandbox/src/fonts/thicccboi/THICCCBOI-Bold.woff]
[themes.iki-bir.com/sandbox/src/img/concept/concept10.png]
[themes.iki-bir.com/sandbox/src/fonts/thicccboi/THICCCBOI-Black.woff2]
[themes.iki-bir.com/sandbox/src/fonts/thicccboi/THICCCBOI-Black.woff]
[themes.iki-bir.com/sandbox/src/fonts/thicccboi/THICCCBOI-Thin.woff2]
[themes.iki-bir.com/sandbox/src/fonts/thicccboi/THICCCBOI-Thin.woff]
[themes.iki-bir.com/sandbox/src/img/photos/pp9.jpg]
[themes.iki-bir.com/sandbox/src/fonts/thicccboi/THICCCBOI-ThicccAF.woff2]
[themes.iki-bir.com/sandbox/src/fonts/thicccboi/THICCCBOI-ThicccAF.woff]
[themes.iki-bir.com/sandbox/src/fonts/thicccboi/THICCCBOI-Light.woff2]
[themes.iki-bir.com/sandbox/src/fonts/thicccboi/THICCCBOI-Light.woff]
[themes.iki-bir.com/sandbox/src/fonts/thicccboi/THICCCBOI-SemiBold.woff2]
[themes.iki-bir.com/sandbox/src/fonts/thicccboi/THICCCBOI-SemiBold.woff]
[themes.iki-bir.com/sandbox/src/fonts/thicccboi/THICCCBOI-ExtraBold.woff2]
[themes.iki-bir.com/sandbox/src/fonts/thicccboi/THICCCBOI-ExtraBold.woff]
[themes.iki-bir.com/sandbox/src/fonts/thicccboi/THICCCBOI-Regular.woff2]
[themes.iki-bir.com/sandbox/src/fonts/thicccboi/THICCCBOI-Regular.woff]
[themes.iki-bir.com/sandbox/src/fonts/thicccboi/THICCCBOI-Medium.woff2]
[themes.iki-bir.com/sandbox/src/fonts/thicccboi/thicccboi.css]
[themes.iki-bir.com/sandbox/src/fonts/thicccboi/THICCCBOI-Medium.woff]
[themes.iki-bir.com/sandbox/src/img/icons/list.svg]
[themes.iki-bir.com/sandbox/src/img/icons/telemarketer.svg]
[themes.iki-bir.com/sandbox/src/img/icons/briefcase.svg]
[themes.iki-bir.com/sandbox/src/img/photos/pp21.jpg]
[themes.iki-bir.com/sandbox/src/img/photos/cs17.jpg]
